RuleS1(Rule10(Rule20(Rule40(Rule11(Rule31(Accept()))))))