RuleS1(Rule11(Rule30(Rule61(Rule60(Rule50(Rule31(Accept())))))))