RuleS0(Rule00(Rule00(Rule00(Rule00(Rule01(Rule11(Rule31(Accept()))))))))