RuleS0 (Rule01 (Rule10 (Rule21 (Rule50 (Rule31 (Rule00 Accept))))))
