RuleS1 (Rule11 (Rule31 (Rule01 (Rule11 (Rule31 Accept)))))
