Add(Add(TToE(FToT(Num(1))), Mul(FToT(Num(2)), Num(3))), FToT(Num(4)))