TToE(Mul(Mul(FToT(Num(1)), Paren(Add(TToE(FToT(Num(2))), FToT(Num(3))))), Num(4)))