Add(TToE(Mul(FToT(Num(1)), Num(2))), Mul(FToT(Num(3)), Num(4)))