TToE(Mul(FToT(Paren(Add(TToE(FToT(Num(1))), FToT(Num(2))))), Paren(Add(TToE(FToT(Num(3))), FToT(Num(4))))))