TToE (FToT (Paren (TToE (FToT (Paren (TToE (FToT (Paren (TToE (FToT (Num 1)))))))))))
